#-----------------------------------------------------------
# Vivado v2019.1 (64-bit)
# SW Build 2552052 on Fri May 24 14:49:42 MDT 2019
# IP Build 2548770 on Fri May 24 18:01:18 MDT 2019
# Start of session at: Tue Apr 18 21:42:56 2023
# Process ID: 6404
# Current directory: C:/Users/expecto/Desktop/COD_Lab/Lab1
# Command line: vivado.exe -gui_launcher_event rodinguilauncherevent2012 C:\Users\expecto\Desktop\COD_Lab\Lab1\Lab1.xpr
# Log file: C:/Users/expecto/Desktop/COD_Lab/Lab1/vivado.log
# Journal file: C:/Users/expecto/Desktop/COD_Lab/Lab1\vivado.jou
#-----------------------------------------------------------
start_gui
open_project C:/Users/expecto/Desktop/COD_Lab/Lab1/Lab1.xpr
launch_simulation
open_wave_config C:/Users/expecto/Desktop/COD_Lab/Lab1/sim_behav.wcfg
source sim_fls.tcl
current_wave_config {sim_behav.wcfg}
add_wave {{/sim_fls/rst}} 
current_wave_config {sim_behav.wcfg}
add_wave {{/sim_fls/clk}} 
current_wave_config {sim_behav.wcfg}
add_wave {{/sim_fls/en}} 
current_wave_config {sim_behav.wcfg}
add_wave {{/sim_fls/d}} 
current_wave_config {sim_behav.wcfg}
add_wave {{/sim_fls/f}} 
relaunch_sim
relaunch_sim
relaunch_sim
relaunch_sim
relaunch_sim
close_sim
synth_design -rtl -name rtl_1
close_design
# Disabling source management mode.  This is to allow the top design properties to be set without GUI intervention.
set_property source_mgmt_mode None [current_project]
set_property top alu_test [current_fileset]
# Re-enabling previously disabled source management mode.
set_property source_mgmt_mode DisplayOnly [current_project]
synth_design -rtl -name rtl_1
reset_run synth_1
launch_runs synth_1 -jobs 6
wait_on_run synth_1
close_design
open_run synth_1 -name synth_1
